// Jest Snapshot v1, https://goo.gl/fbAQLP

exports[`Buy ActionModal matches snapshot 1`] = `
<div
  class="css-0"
>
  <div
    class="css-u6v8er"
  >
    <div
      class="boardSpace property css-0"
      style="background: rgb(0, 0, 255);"
    >
      <div
        class="boardBackground"
      />
      <div
        class="propertyContent"
      >
        <div
          class="css-1lads1q"
        />
        <div
          class="propertyText"
        >
          Property 1
        </div>
        <div
          class="propertyPrice"
        >
          ¬£100
        </div>
      </div>
    </div>
  </div>
  <hr
    aria-orientation="horizontal"
    class="chakra-divider css-1g0y1ze"
  />
  <div
    class="css-ey3b4m"
  >
    <h2
      class="chakra-heading css-0"
    >
      Property 1
       - 
      ¬£100
    </h2>
    <div
      class="css-21wlw6"
    >
      <h2
        class="chakra-heading css-0"
      >
        Rent
      </h2>
      <ul
        class="css-155za0w"
        role="list"
      >
        <li
          class="css-0"
        >
          <svg
            class="chakra-icon css-onkibi"
            focusable="false"
            role="presentation"
            viewBox="0 0 24 24"
          >
            <svg
              aria-hidden="true"
              class="svg-inline--fa fa-money-bill fa-w-20 "
              color="#00f"
              data-icon="money-bill"
              data-prefix="fas"
              focusable="false"
              role="img"
              viewBox="0 0 640 512"
              xmlns="http://www.w3.org/2000/svg"
            >
              <path
                d="M608 64H32C14.33 64 0 78.33 0 96v320c0 17.67 14.33 32 32 32h576c17.67 0 32-14.33 32-32V96c0-17.67-14.33-32-32-32zM48 400v-64c35.35 0 64 28.65 64 64H48zm0-224v-64h64c0 35.35-28.65 64-64 64zm272 176c-44.19 0-80-42.99-80-96 0-53.02 35.82-96 80-96s80 42.98 80 96c0 53.03-35.83 96-80 96zm272 48h-64c0-35.35 28.65-64 64-64v64zm0-224c-35.35 0-64-28.65-64-64h64v64z"
                fill="currentColor"
              />
            </svg>
          </svg>
          When 
          1
           owned, rent is 
          4
          x Dice Roll.
        </li>
        <li
          class="css-0"
        >
          <svg
            class="chakra-icon css-onkibi"
            focusable="false"
            role="presentation"
            viewBox="0 0 24 24"
          >
            <svg
              aria-hidden="true"
              class="svg-inline--fa fa-money-bill fa-w-20 "
              color="#00f"
              data-icon="money-bill"
              data-prefix="fas"
              focusable="false"
              role="img"
              viewBox="0 0 640 512"
              xmlns="http://www.w3.org/2000/svg"
            >
              <path
                d="M608 64H32C14.33 64 0 78.33 0 96v320c0 17.67 14.33 32 32 32h576c17.67 0 32-14.33 32-32V96c0-17.67-14.33-32-32-32zM48 400v-64c35.35 0 64 28.65 64 64H48zm0-224v-64h64c0 35.35-28.65 64-64 64zm272 176c-44.19 0-80-42.99-80-96 0-53.02 35.82-96 80-96s80 42.98 80 96c0 53.03-35.83 96-80 96zm272 48h-64c0-35.35 28.65-64 64-64v64zm0-224c-35.35 0-64-28.65-64-64h64v64z"
                fill="currentColor"
              />
            </svg>
          </svg>
          When 
          2
           owned, rent is 
          10
          x Dice Roll.
        </li>
      </ul>
      <hr
        aria-orientation="horizontal"
        class="chakra-divider css-1y9z5uc"
      />
      <div
        class="css-0"
      >
        <h2
          class="chakra-heading css-0"
        >
          Houses and Hotels
        </h2>
        <p
          class="chakra-text css-0"
        >
          üè† House Cost: 
          ¬£100
        </p>
        <p
          class="chakra-text css-0"
        >
          üè® Hotel Cost: 
          ¬£100
        </p>
      </div>
    </div>
  </div>
  <div
    class="css-1gnc3qn"
  >
    <button
      class="chakra-button css-uxt1e8"
      type="button"
    >
      Buy
    </button>
    <button
      class="chakra-button css-uxt1e8"
      type="button"
    >
      No thanks
    </button>
  </div>
</div>
`;
