// Jest Snapshot v1, https://goo.gl/fbAQLP

exports[`GO Space matches snapshot 1`] = `
<div
  class="boardSpace square go"
>
  <svg
    class="arrow"
    fill="#AB3126"
    stroke="#000"
    viewBox="0 0 14 70"
  >
    <polygon
      points="0.861 12.096 7.133 1.054 13.214 11.969 9.32 11.969 9.32 56.581 12.467 59.728 12.467 68.746 6.87 63.66 1.582 69.057 1.471 59.688 4.817 56.564 4.817 12.061"
    />
  </svg>
  <div
    class="rotate bottomLeft"
  >
    <div
      class="goText"
    >
      Collect Â£200 salary as you pass
    </div>
    <div
      class="goTextBig"
    >
      GO
    </div>
  </div>
</div>
`;
