// Jest Snapshot v1, https://goo.gl/fbAQLP

exports[`BoardSpace with players matches snapshot 1`] = `
<div
  class="css-79elbk"
>
  <div
    class="css-n6wztc"
  >
    <div
      class="css-0"
    >
      <div
        class="css-5ok8pe"
        style="opacity: 1;"
      >
        <p
          class="chakra-text css-0"
        >
          ü•æ
        </p>
      </div>
    </div>
    <div
      class="css-0"
    >
      <div
        class="css-5ok8pe"
        style="opacity: 1;"
      >
        <p
          class="chakra-text css-0"
        >
          üê±
        </p>
      </div>
    </div>
  </div>
  <div
    class="boardSpace"
  >
    <div
      class="boardBackground"
    />
    <div>
      <p
        class="chakra-text css-bk7xci"
      >
        Empty
      </p>
    </div>
  </div>
</div>
`;
